mvn : WARNING: A restricted method in java.lang.System has been 
called
No linha:1 caractere:1
+ mvn test > test_output.txt 2>&1
+ ~~~~~~~~~~~~~~~~~~~~~~~~~~~~~~~
    + CategoryInfo          : NotSpecified: (WARNING: A rest...h 
   as been called:String) [], RemoteException
    + FullyQualifiedErrorId : NativeCommandError
 
WARNING: java.lang.System::load has been called by 
org.fusesource.jansi.internal.JansiLoader in an unnamed module (f
ile:/C:/Program%20Files/JetBrains/IntelliJ%20IDEA%20Community%20E
dition%202025.2.4/plugins/maven/lib/maven3/lib/jansi-2.4.1.jar)
WARNING: Use --enable-native-access=ALL-UNNAMED to avoid a 
warning for callers in this module
WARNING: Restricted methods will be blocked in a future release 
unless native access is enabled

WARNING: A terminally deprecated method in sun.misc.Unsafe has 
been called
WARNING: sun.misc.Unsafe::objectFieldOffset has been called by co
m.google.common.util.concurrent.AbstractFuture$UnsafeAtomicHelper
 (file:/C:/Program%20Files/JetBrains/IntelliJ%20IDEA%20Community%
20Edition%202025.2.4/plugins/maven/lib/maven3/lib/guava-33.2.1-jr
e.jar)
WARNING: Please consider reporting this to the maintainers of 
class com.google.common.util.concurrent.AbstractFuture$UnsafeAtom
icHelper
WARNING: sun.misc.Unsafe::objectFieldOffset will be removed in a 
future release
[INFO] Scanning for projects...
[INFO] 
[INFO] -----------------< br.com.automacao:selenium-java-bdd >-----------------
[INFO] Building Selenium Java BDD 1.0-SNAPSHOT
[INFO]   from pom.xml
[INFO] --------------------------------[ jar ]---------------------------------
[INFO] 
[INFO] --- resources:3.3.1:resources (default-resources) @ selenium-java-bdd ---
[INFO] skip non existing resourceDirectory C:\Users\(-_-)\.gemini\antigravity\scratch\selenium-java-bdd\src\main\resources
[INFO] 
[INFO] --- compiler:3.13.0:compile (default-compile) @ selenium-java-bdd ---
[INFO] Nothing to compile - all classes are up to date.
[INFO] 
[INFO] --- resources:3.3.1:testResources (default-testResources) @ selenium-java-bdd ---
[INFO] Copying 8 resources from src\test\resources to target\test-classes
[INFO] 
[INFO] --- compiler:3.13.0:testCompile (default-testCompile) @ selenium-java-bdd ---
[INFO] Recompiling the module because of changed source code.
[INFO] Compiling 17 source files with javac [debug target 17] to target\test-classes
[INFO] /C:/Users/(-_-)/.gemini/antigravity/scratch/selenium-java-bdd/src/test/java/pages/BasePage.java: C:\Users\(-_-)\.gemini\antigravity\scratch\selenium-java-bdd\src\test\java\pages\BasePage.java uses or overrides a deprecated API.
[INFO] /C:/Users/(-_-)/.gemini/antigravity/scratch/selenium-java-bdd/src/test/java/pages/BasePage.java: Recompile with -Xlint:deprecation for details.
[INFO] -------------------------------------------------------------
[WARNING] COMPILATION WARNING : 
[INFO] -------------------------------------------------------------
[WARNING] location of system modules is not set in conjunction with -source 17
  not setting the location of system modules may lead to class files that cannot run on JDK 17
    --release 17 is recommended instead of -source 17 -target 17 because it sets the location of system modules automatically
[INFO] 1 warning
[INFO] -------------------------------------------------------------
[INFO] -------------------------------------------------------------
[ERROR] COMPILATION ERROR : 
[INFO] -------------------------------------------------------------
[ERROR] /C:/Users/(-_-)/.gemini/antigravity/scratch/selenium-java-bdd/src/test/java/pages/AEPage.java:[13,29] cannot find symbol
  symbol: class BasePage
[ERROR] /C:/Users/(-_-)/.gemini/antigravity/scratch/selenium-java-bdd/src/test/java/runner/TestRunner.java:[3,36] package org.junit.platform.suite.api does not exist
[ERROR] /C:/Users/(-_-)/.gemini/antigravity/scratch/selenium-java-bdd/src/test/java/runner/TestRunner.java:[4,36] package org.junit.platform.suite.api does not exist
[ERROR] /C:/Users/(-_-)/.gemini/antigravity/scratch/selenium-java-bdd/src/test/java/runner/TestRunner.java:[5,36] package org.junit.platform.suite.api does not exist
[ERROR] /C:/Users/(-_-)/.gemini/antigravity/scratch/selenium-java-bdd/src/test/java/runner/TestRunner.java:[6,36] package org.junit.platform.suite.api does not exist
[ERROR] /C:/Users/(-_-)/.gemini/antigravity/scratch/selenium-java-bdd/src/test/java/runner/TestRunner.java:[17,2] cannot find symbol
  symbol: class Suite
[ERROR] /C:/Users/(-_-)/.gemini/antigravity/scratch/selenium-java-bdd/src/test/java/runner/TestRunner.java:[18,2] cannot find symbol
  symbol: class IncludeEngines
[ERROR] /C:/Users/(-_-)/.gemini/antigravity/scratch/selenium-java-bdd/src/test/java/runner/TestRunner.java:[19,2] cannot find symbol
  symbol: class SelectClasspathResource
[ERROR] /C:/Users/(-_-)/.gemini/antigravity/scratch/selenium-java-bdd/src/test/java/runner/TestRunner.java:[20,2] cannot find symbol
  symbol: class ConfigurationParameter
[ERROR] /C:/Users/(-_-)/.gemini/antigravity/scratch/selenium-java-bdd/src/test/java/runner/TestRunner.java:[24,2] cannot find symbol
  symbol: class ConfigurationParameter
[ERROR] /C:/Users/(-_-)/.gemini/antigravity/scratch/selenium-java-bdd/src/test/java/runner/TestRunner.java:[25,2] cannot find symbol
  symbol: class ConfigurationParameter
[ERROR] /C:/Users/(-_-)/.gemini/antigravity/scratch/selenium-java-bdd/src/test/java/runner/TestRunner.java:[26,2] cannot find symbol
  symbol: class ConfigurationParameter
[ERROR] /C:/Users/(-_-)/.gemini/antigravity/scratch/selenium-java-bdd/src/test/java/runner/TestRunner.java:[27,2] cannot find symbol
  symbol: class ConfigurationParameter
[ERROR] /C:/Users/(-_-)/.gemini/antigravity/scratch/selenium-java-bdd/src/test/java/pages/AEPage.java:[13,8] duplicate class: test.java.pages.AEPage
[ERROR] /C:/Users/(-_-)/.gemini/antigravity/scratch/selenium-java-bdd/src/test/java/steps/AESteps.java:[6,13] cannot access pages.AEPage
  bad source file: C:\Users\(-_-)\.gemini\antigravity\scratch\selenium-java-bdd\src\test\java\pages\AEPage.java
    file does not contain class pages.AEPage
    Please remove or make sure it appears in the correct subdirectory of the sourcepath.
[ERROR] /C:/Users/(-_-)/.gemini/antigravity/scratch/selenium-java-bdd/src/test/java/steps/AESteps.java:[13,19] cannot find symbol
  symbol:   class AEPage
  location: class steps.AESteps
[ERROR] /C:/Users/(-_-)/.gemini/antigravity/scratch/selenium-java-bdd/src/test/java/unit/StringUtilsTest.java:[5,32] package org.junit.jupiter.params does not exist
[ERROR] /C:/Users/(-_-)/.gemini/antigravity/scratch/selenium-java-bdd/src/test/java/unit/StringUtilsTest.java:[6,41] package org.junit.jupiter.params.provider does not exist
[ERROR] /C:/Users/(-_-)/.gemini/antigravity/scratch/selenium-java-bdd/src/test/java/unit/StringUtilsTest.java:[107,6] cannot find symbol
  symbol:   class ParameterizedTest
  location: class unit.StringUtilsTest
[ERROR] /C:/Users/(-_-)/.gemini/antigravity/scratch/selenium-java-bdd/src/test/java/unit/StringUtilsTest.java:[108,6] cannot find symbol
  symbol:   class ValueSource
  location: class unit.StringUtilsTest
[ERROR] /C:/Users/(-_-)/.gemini/antigravity/scratch/selenium-java-bdd/src/test/java/pages/AEPage.java:[29,9] cannot find symbol
  symbol:   variable driver
  location: class test.java.pages.AEPage
[ERROR] /C:/Users/(-_-)/.gemini/antigravity/scratch/selenium-java-bdd/src/test/java/pages/AEPage.java:[36,9] cannot find symbol
  symbol:   method click(org.openqa.selenium.By)
  location: class test.java.pages.AEPage
[ERROR] /C:/Users/(-_-)/.gemini/antigravity/scratch/selenium-java-bdd/src/test/java/pages/AEPage.java:[43,9] cannot find symbol
  symbol:   method sendKeys(org.openqa.selenium.By,java.lang.String)
  location: class test.java.pages.AEPage
[ERROR] /C:/Users/(-_-)/.gemini/antigravity/scratch/selenium-java-bdd/src/test/java/pages/AEPage.java:[44,9] cannot find symbol
  symbol:   method sendKeys(org.openqa.selenium.By,java.lang.String)
  location: class test.java.pages.AEPage
[ERROR] /C:/Users/(-_-)/.gemini/antigravity/scratch/selenium-java-bdd/src/test/java/pages/AEPage.java:[45,9] cannot find symbol
  symbol:   method click(org.openqa.selenium.By)
  location: class test.java.pages.AEPage
[ERROR] /C:/Users/(-_-)/.gemini/antigravity/scratch/selenium-java-bdd/src/test/java/pages/AEPage.java:[52,16] cannot find symbol
  symbol:   method isDisplayed(org.openqa.selenium.By)
  location: class test.java.pages.AEPage
[ERROR] /C:/Users/(-_-)/.gemini/antigravity/scratch/selenium-java-bdd/src/test/java/steps/AESteps.java:[13,35] cannot find symbol
  symbol:   class AEPage
  location: class steps.AESteps
[ERROR] /C:/Users/(-_-)/.gemini/antigravity/scratch/selenium-java-bdd/src/test/java/steps/OrangeHRMSteps.java:[90,22] cannot find symbol
  symbol:   method clicarPesquisar()
  location: variable dashboardPage of type pages.DashboardPage
[INFO] 28 errors 
[INFO] -------------------------------------------------------------
[INFO] ------------------------------------------------------------------------
[INFO] BUILD FAILURE
[INFO] ------------------------------------------------------------------------
[INFO] Total time:  4.479 s
[INFO] Finished at: 2026-02-27T16:49:59-03:00
[INFO] ------------------------------------------------------------------------
[ERROR] Failed to execute goal org.apache.maven.plugins:maven-compiler-plugin:3.13.0:testCompile (default-testCompile) on project selenium-java-bdd: Compilation failure: Compilation failure: 
[ERROR] /C:/Users/(-_-)/.gemini/antigravity/scratch/selenium-java-bdd/src/test/java/pages/AEPage.java:[13,29] cannot find symbol
[ERROR]   symbol: class BasePage
[ERROR] /C:/Users/(-_-)/.gemini/antigravity/scratch/selenium-java-bdd/src/test/java/runner/TestRunner.java:[3,36] package org.junit.platform.suite.api does not exist
[ERROR] /C:/Users/(-_-)/.gemini/antigravity/scratch/selenium-java-bdd/src/test/java/runner/TestRunner.java:[4,36] package org.junit.platform.suite.api does not exist
[ERROR] /C:/Users/(-_-)/.gemini/antigravity/scratch/selenium-java-bdd/src/test/java/runner/TestRunner.java:[5,36] package org.junit.platform.suite.api does not exist
[ERROR] /C:/Users/(-_-)/.gemini/antigravity/scratch/selenium-java-bdd/src/test/java/runner/TestRunner.java:[6,36] package org.junit.platform.suite.api does not exist
[ERROR] /C:/Users/(-_-)/.gemini/antigravity/scratch/selenium-java-bdd/src/test/java/runner/TestRunner.java:[17,2] cannot find symbol
[ERROR]   symbol: class Suite
[ERROR] /C:/Users/(-_-)/.gemini/antigravity/scratch/selenium-java-bdd/src/test/java/runner/TestRunner.java:[18,2] cannot find symbol
[ERROR]   symbol: class IncludeEngines
[ERROR] /C:/Users/(-_-)/.gemini/antigravity/scratch/selenium-java-bdd/src/test/java/runner/TestRunner.java:[19,2] cannot find symbol
[ERROR]   symbol: class SelectClasspathResource
[ERROR] /C:/Users/(-_-)/.gemini/antigravity/scratch/selenium-java-bdd/src/test/java/runner/TestRunner.java:[20,2] cannot find symbol
[ERROR]   symbol: class ConfigurationParameter
[ERROR] /C:/Users/(-_-)/.gemini/antigravity/scratch/selenium-java-bdd/src/test/java/runner/TestRunner.java:[24,2] cannot find symbol
[ERROR]   symbol: class ConfigurationParameter
[ERROR] /C:/Users/(-_-)/.gemini/antigravity/scratch/selenium-java-bdd/src/test/java/runner/TestRunner.java:[25,2] cannot find symbol
[ERROR]   symbol: class ConfigurationParameter
[ERROR] /C:/Users/(-_-)/.gemini/antigravity/scratch/selenium-java-bdd/src/test/java/runner/TestRunner.java:[26,2] cannot find symbol
[ERROR]   symbol: class ConfigurationParameter
[ERROR] /C:/Users/(-_-)/.gemini/antigravity/scratch/selenium-java-bdd/src/test/java/runner/TestRunner.java:[27,2] cannot find symbol
[ERROR]   symbol: class ConfigurationParameter
[ERROR] /C:/Users/(-_-)/.gemini/antigravity/scratch/selenium-java-bdd/src/test/java/pages/AEPage.java:[13,8] duplicate class: test.java.pages.AEPage
[ERROR] /C:/Users/(-_-)/.gemini/antigravity/scratch/selenium-java-bdd/src/test/java/steps/AESteps.java:[6,13] cannot access pages.AEPage
[ERROR]   bad source file: C:\Users\(-_-)\.gemini\antigravity\scratch\selenium-java-bdd\src\test\java\pages\AEPage.java
[ERROR]     file does not contain class pages.AEPage
[ERROR]     Please remove or make sure it appears in the correct subdirectory of the sourcepath.
[ERROR] /C:/Users/(-_-)/.gemini/antigravity/scratch/selenium-java-bdd/src/test/java/steps/AESteps.java:[13,19] cannot find symbol
[ERROR]   symbol:   class AEPage
[ERROR]   location: class steps.AESteps
[ERROR] /C:/Users/(-_-)/.gemini/antigravity/scratch/selenium-java-bdd/src/test/java/unit/StringUtilsTest.java:[5,32] package org.junit.jupiter.params does not exist
[ERROR] /C:/Users/(-_-)/.gemini/antigravity/scratch/selenium-java-bdd/src/test/java/unit/StringUtilsTest.java:[6,41] package org.junit.jupiter.params.provider does not exist
[ERROR] /C:/Users/(-_-)/.gemini/antigravity/scratch/selenium-java-bdd/src/test/java/unit/StringUtilsTest.java:[107,6] cannot find symbol
[ERROR]   symbol:   class ParameterizedTest
[ERROR]   location: class unit.StringUtilsTest
[ERROR] /C:/Users/(-_-)/.gemini/antigravity/scratch/selenium-java-bdd/src/test/java/unit/StringUtilsTest.java:[108,6] cannot find symbol
[ERROR]   symbol:   class ValueSource
[ERROR]   location: class unit.StringUtilsTest
[ERROR] /C:/Users/(-_-)/.gemini/antigravity/scratch/selenium-java-bdd/src/test/java/pages/AEPage.java:[29,9] cannot find symbol
[ERROR]   symbol:   variable driver
[ERROR]   location: class test.java.pages.AEPage
[ERROR] /C:/Users/(-_-)/.gemini/antigravity/scratch/selenium-java-bdd/src/test/java/pages/AEPage.java:[36,9] cannot find symbol
[ERROR]   symbol:   method click(org.openqa.selenium.By)
[ERROR]   location: class test.java.pages.AEPage
[ERROR] /C:/Users/(-_-)/.gemini/antigravity/scratch/selenium-java-bdd/src/test/java/pages/AEPage.java:[43,9] cannot find symbol
[ERROR]   symbol:   method sendKeys(org.openqa.selenium.By,java.lang.String)
[ERROR]   location: class test.java.pages.AEPage
[ERROR] /C:/Users/(-_-)/.gemini/antigravity/scratch/selenium-java-bdd/src/test/java/pages/AEPage.java:[44,9] cannot find symbol
[ERROR]   symbol:   method sendKeys(org.openqa.selenium.By,java.lang.String)
[ERROR]   location: class test.java.pages.AEPage
[ERROR] /C:/Users/(-_-)/.gemini/antigravity/scratch/selenium-java-bdd/src/test/java/pages/AEPage.java:[45,9] cannot find symbol
[ERROR]   symbol:   method click(org.openqa.selenium.By)
[ERROR]   location: class test.java.pages.AEPage
[ERROR] /C:/Users/(-_-)/.gemini/antigravity/scratch/selenium-java-bdd/src/test/java/pages/AEPage.java:[52,16] cannot find symbol
[ERROR]   symbol:   method isDisplayed(org.openqa.selenium.By)
[ERROR]   location: class test.java.pages.AEPage
[ERROR] /C:/Users/(-_-)/.gemini/antigravity/scratch/selenium-java-bdd/src/test/java/steps/AESteps.java:[13,35] cannot find symbol
[ERROR]   symbol:   class AEPage
[ERROR]   location: class steps.AESteps
[ERROR] /C:/Users/(-_-)/.gemini/antigravity/scratch/selenium-java-bdd/src/test/java/steps/OrangeHRMSteps.java:[90,22] cannot find symbol
[ERROR]   symbol:   method clicarPesquisar()
[ERROR]   location: variable dashboardPage of type pages.DashboardPage
[ERROR] -> [Help 1]
[ERROR] 
[ERROR] To see the full stack trace of the errors, re-run Maven with the -e switch.
[ERROR] Re-run Maven using the -X switch to enable full debug logging.
[ERROR] 
[ERROR] For more information about the errors and possible solutions, please read the following articles:
[ERROR] [Help 1] http://cwiki.apache.org/confluence/display/MAVEN/MojoFailureException
